// Vitest Snapshot v1, https://vitest.dev/guide/snapshot.html

exports[`Daily command > when aggregating daily stats > should aggregate all entities' data when no entity is provided 1`] = `
[
  {
    "avgBlobSize": 1066.666666666667,
    "day": 2022-10-16T00:00:00.000Z,
    "totalBlobSize": 6400n,
    "totalBlobs": 6,
    "totalUniqueBlobs": 3,
  },
  {
    "avgBlobSize": 1250,
    "day": 2023-05-10T00:00:00.000Z,
    "totalBlobSize": 7500n,
    "totalBlobs": 6,
    "totalUniqueBlobs": 6,
  },
  {
    "avgBlobSize": 1033.333333333333,
    "day": 2023-08-03T00:00:00.000Z,
    "totalBlobSize": 6200n,
    "totalBlobs": 6,
    "totalUniqueBlobs": 2,
  },
  {
    "avgBlobSize": 1180,
    "day": 2023-08-20T00:00:00.000Z,
    "totalBlobSize": 5900n,
    "totalBlobs": 5,
    "totalUniqueBlobs": 4,
  },
  {
    "avgBlobSize": 1000,
    "day": 2023-08-28T00:00:00.000Z,
    "totalBlobSize": 4000n,
    "totalBlobs": 4,
    "totalUniqueBlobs": 1,
  },
  {
    "avgBlobSize": 1280,
    "day": 2023-08-31T00:00:00.000Z,
    "totalBlobSize": 6400n,
    "totalBlobs": 5,
    "totalUniqueBlobs": 3,
  },
]
`;

exports[`Daily command > when aggregating daily stats > should aggregate all entities' data when no entity is provided 2`] = `
[
  {
    "avgBlobAsCalldataFee": 44941160,
    "avgBlobFee": 17301504,
    "avgBlobGasPrice": 22,
    "day": 2022-10-16T00:00:00.000Z,
    "totalBlobAsCalldataFee": "44941160",
    "totalBlobAsCalldataGasUsed": "2042780",
    "totalBlobFee": "17301504",
    "totalBlobGasUsed": "786432",
    "totalBlocks": 1,
  },
  {
    "avgBlobAsCalldataFee": 5610000,
    "avgBlobFee": 121000000,
    "avgBlobGasPrice": 22,
    "day": 2023-05-10T00:00:00.000Z,
    "totalBlobAsCalldataFee": "5610000",
    "totalBlobAsCalldataGasUsed": "255000",
    "totalBlobFee": "121000000",
    "totalBlobGasUsed": "5500000",
    "totalBlocks": 1,
  },
  {
    "avgBlobAsCalldataFee": 5610000,
    "avgBlobFee": 121000000,
    "avgBlobGasPrice": 22,
    "day": 2023-08-03T00:00:00.000Z,
    "totalBlobAsCalldataFee": "5610000",
    "totalBlobAsCalldataGasUsed": "255000",
    "totalBlobFee": "121000000",
    "totalBlobGasUsed": "5500000",
    "totalBlocks": 1,
  },
  {
    "avgBlobAsCalldataFee": 5610000,
    "avgBlobFee": 121000000,
    "avgBlobGasPrice": 22,
    "day": 2023-08-20T00:00:00.000Z,
    "totalBlobAsCalldataFee": "5610000",
    "totalBlobAsCalldataGasUsed": "255000",
    "totalBlobFee": "121000000",
    "totalBlobGasUsed": "5500000",
    "totalBlocks": 1,
  },
  {
    "avgBlobAsCalldataFee": 5000000,
    "avgBlobFee": 100000000,
    "avgBlobGasPrice": 20,
    "day": 2023-08-28T00:00:00.000Z,
    "totalBlobAsCalldataFee": "5000000",
    "totalBlobAsCalldataGasUsed": "250000",
    "totalBlobFee": "100000000",
    "totalBlobGasUsed": "5000000",
    "totalBlocks": 1,
  },
  {
    "avgBlobAsCalldataFee": 5610000,
    "avgBlobFee": 121000000,
    "avgBlobGasPrice": 22,
    "day": 2023-08-31T00:00:00.000Z,
    "totalBlobAsCalldataFee": "16830000",
    "totalBlobAsCalldataGasUsed": "765000",
    "totalBlobFee": "363000000",
    "totalBlobGasUsed": "16500000",
    "totalBlocks": 3,
  },
]
`;

exports[`Daily command > when aggregating daily stats > should aggregate all entities' data when no entity is provided 3`] = `
[
  {
    "avgMaxBlobGasFee": 110,
    "day": 2022-10-16T00:00:00.000Z,
    "totalTransactions": 3,
    "totalUniqueReceivers": 3,
    "totalUniqueSenders": 3,
  },
  {
    "avgMaxBlobGasFee": 100,
    "day": 2023-05-10T00:00:00.000Z,
    "totalTransactions": 1,
    "totalUniqueReceivers": 1,
    "totalUniqueSenders": 1,
  },
  {
    "avgMaxBlobGasFee": 100,
    "day": 2023-08-03T00:00:00.000Z,
    "totalTransactions": 2,
    "totalUniqueReceivers": 1,
    "totalUniqueSenders": 1,
  },
  {
    "avgMaxBlobGasFee": 100,
    "day": 2023-08-20T00:00:00.000Z,
    "totalTransactions": 5,
    "totalUniqueReceivers": 3,
    "totalUniqueSenders": 4,
  },
  {
    "avgMaxBlobGasFee": 100,
    "day": 2023-08-28T00:00:00.000Z,
    "totalTransactions": 2,
    "totalUniqueReceivers": 1,
    "totalUniqueSenders": 2,
  },
  {
    "avgMaxBlobGasFee": 100,
    "day": 2023-08-31T00:00:00.000Z,
    "totalTransactions": 3,
    "totalUniqueReceivers": 2,
    "totalUniqueSenders": 2,
  },
]
`;

exports[`Daily command > when aggregating daily stats > should aggregate blob data when the blob entity is provided 1`] = `
[
  {
    "avgBlobSize": 1066.666666666667,
    "day": 2022-10-16T00:00:00.000Z,
    "totalBlobSize": 6400n,
    "totalBlobs": 6,
    "totalUniqueBlobs": 3,
  },
  {
    "avgBlobSize": 1250,
    "day": 2023-05-10T00:00:00.000Z,
    "totalBlobSize": 7500n,
    "totalBlobs": 6,
    "totalUniqueBlobs": 6,
  },
  {
    "avgBlobSize": 1033.333333333333,
    "day": 2023-08-03T00:00:00.000Z,
    "totalBlobSize": 6200n,
    "totalBlobs": 6,
    "totalUniqueBlobs": 2,
  },
  {
    "avgBlobSize": 1180,
    "day": 2023-08-20T00:00:00.000Z,
    "totalBlobSize": 5900n,
    "totalBlobs": 5,
    "totalUniqueBlobs": 4,
  },
  {
    "avgBlobSize": 1000,
    "day": 2023-08-28T00:00:00.000Z,
    "totalBlobSize": 4000n,
    "totalBlobs": 4,
    "totalUniqueBlobs": 1,
  },
  {
    "avgBlobSize": 1280,
    "day": 2023-08-31T00:00:00.000Z,
    "totalBlobSize": 6400n,
    "totalBlobs": 5,
    "totalUniqueBlobs": 3,
  },
]
`;
