// Vitest Snapshot v1, https://vitest.dev/guide/snapshot.html

exports[`Overall command > when incrementing overall stats > should increment them until latest finalized block 1`] = `
[
  [
    {
      "avgBlobSize": 1175,
      "id": 1,
      "totalBlobSize": 9400n,
      "totalBlobs": 8,
      "totalUniqueBlobs": 1,
    },
  ],
  [
    {
      "avgBlobAsCalldataFee": 5406666.666666667,
      "avgBlobFee": 114000000,
      "avgBlobGasPrice": 21.33333333333333,
      "id": 1,
      "totalBlobAsCalldataFee": "16220000",
      "totalBlobAsCalldataGasUsed": "760000",
      "totalBlobFee": "342000000",
      "totalBlobGasUsed": "16000000",
      "totalBlocks": 3,
    },
  ],
  [
    {
      "avgMaxBlobGasFee": 100,
      "id": 1,
      "totalTransactions": 4,
      "totalUniqueReceivers": 0,
      "totalUniqueSenders": 0,
    },
  ],
]
`;

exports[`Overall command > when incrementing overall stats > should increment them until latest indexed block when target block 'latest' is provided 1`] = `
[
  [
    {
      "avgBlobSize": 1155.555555555556,
      "id": 1,
      "totalBlobSize": 10400n,
      "totalBlobs": 9,
      "totalUniqueBlobs": 1,
    },
  ],
  [
    {
      "avgBlobAsCalldataFee": 5457500,
      "avgBlobFee": 115750000,
      "avgBlobGasPrice": 21.5,
      "id": 1,
      "totalBlobAsCalldataFee": "21830000",
      "totalBlobAsCalldataGasUsed": "1015000",
      "totalBlobFee": "463000000",
      "totalBlobGasUsed": "21500000",
      "totalBlocks": 4,
    },
  ],
  [
    {
      "avgMaxBlobGasFee": 100,
      "id": 1,
      "totalTransactions": 5,
      "totalUniqueReceivers": 0,
      "totalUniqueSenders": 0,
    },
  ],
]
`;
