// Vitest Snapshot v1, https://vitest.dev/guide/snapshot.html

exports[`Stats Extension > Blob model > Block model > Daily stats extensions > fill > should fill in stats for a multiple days period 1`] = `
[
  {
    "avgBlobAsCalldataFee": 5000000,
    "avgBlobFee": 100000000,
    "avgBlobGasPrice": 20,
    "day": 2023-08-28T00:00:00.000Z,
    "totalBlobAsCalldataFee": 5000000n,
    "totalBlobAsCalldataGasUsed": 250000n,
    "totalBlobFee": 100000000n,
    "totalBlobGasUsed": 5000000n,
    "totalBlocks": 1,
  },
  {
    "avgBlobAsCalldataFee": 5610000,
    "avgBlobFee": 121000000,
    "avgBlobGasPrice": 22,
    "day": 2023-08-31T00:00:00.000Z,
    "totalBlobAsCalldataFee": 16830000n,
    "totalBlobAsCalldataGasUsed": 765000n,
    "totalBlobFee": 363000000n,
    "totalBlobGasUsed": 16500000n,
    "totalBlocks": 3,
  },
]
`;

exports[`Stats Extension > Blob model > Block model > Daily stats extensions > fill > should fill in stats for a period that doesn't have a starting date 1`] = `
[
  {
    "avgBlobAsCalldataFee": 44941160,
    "avgBlobFee": 17301504,
    "avgBlobGasPrice": 22,
    "day": 2022-10-16T00:00:00.000Z,
    "totalBlobAsCalldataFee": 44941160n,
    "totalBlobAsCalldataGasUsed": 2042780n,
    "totalBlobFee": 17301504n,
    "totalBlobGasUsed": 786432n,
    "totalBlocks": 1,
  },
  {
    "avgBlobAsCalldataFee": 5610000,
    "avgBlobFee": 121000000,
    "avgBlobGasPrice": 22,
    "day": 2023-05-10T00:00:00.000Z,
    "totalBlobAsCalldataFee": 5610000n,
    "totalBlobAsCalldataGasUsed": 255000n,
    "totalBlobFee": 121000000n,
    "totalBlobGasUsed": 5500000n,
    "totalBlocks": 1,
  },
  {
    "avgBlobAsCalldataFee": 5610000,
    "avgBlobFee": 121000000,
    "avgBlobGasPrice": 22,
    "day": 2023-08-03T00:00:00.000Z,
    "totalBlobAsCalldataFee": 5610000n,
    "totalBlobAsCalldataGasUsed": 255000n,
    "totalBlobFee": 121000000n,
    "totalBlobGasUsed": 5500000n,
    "totalBlocks": 1,
  },
  {
    "avgBlobAsCalldataFee": 5610000,
    "avgBlobFee": 121000000,
    "avgBlobGasPrice": 22,
    "day": 2023-08-20T00:00:00.000Z,
    "totalBlobAsCalldataFee": 5610000n,
    "totalBlobAsCalldataGasUsed": 255000n,
    "totalBlobFee": 121000000n,
    "totalBlobGasUsed": 5500000n,
    "totalBlocks": 1,
  },
]
`;

exports[`Stats Extension > Blob model > Block model > Daily stats extensions > fill > should fill in stats for a period with no data 1`] = `[]`;

exports[`Stats Extension > Blob model > Block model > Daily stats extensions > fill > shuold fill in stats for a period that doesn't have an ending date 1`] = `
[
  {
    "avgBlobAsCalldataFee": 5000000,
    "avgBlobFee": 100000000,
    "avgBlobGasPrice": 20,
    "day": 2023-08-28T00:00:00.000Z,
    "totalBlobAsCalldataFee": 5000000n,
    "totalBlobAsCalldataGasUsed": 250000n,
    "totalBlobFee": 100000000n,
    "totalBlobGasUsed": 5000000n,
    "totalBlocks": 1,
  },
  {
    "avgBlobAsCalldataFee": 5610000,
    "avgBlobFee": 121000000,
    "avgBlobGasPrice": 22,
    "day": 2023-08-31T00:00:00.000Z,
    "totalBlobAsCalldataFee": 16830000n,
    "totalBlobAsCalldataGasUsed": 765000n,
    "totalBlobFee": 363000000n,
    "totalBlobGasUsed": 16500000n,
    "totalBlocks": 3,
  },
]
`;

exports[`Stats Extension > Blob model > Daily stats extensions > fill > should fill in stats for a multiple days period 1`] = `
[
  {
    "avgBlobSize": 1000,
    "day": 2023-08-28T00:00:00.000Z,
    "totalBlobSize": 4000n,
    "totalBlobs": 4,
    "totalUniqueBlobs": 1,
  },
  {
    "avgBlobSize": 1280,
    "day": 2023-08-31T00:00:00.000Z,
    "totalBlobSize": 6400n,
    "totalBlobs": 5,
    "totalUniqueBlobs": 3,
  },
]
`;

exports[`Stats Extension > Blob model > Daily stats extensions > fill > should fill in stats for a period that doesn't have a starting date 1`] = `
[
  {
    "avgBlobSize": 1066.666666666667,
    "day": 2022-10-16T00:00:00.000Z,
    "totalBlobSize": 6400n,
    "totalBlobs": 6,
    "totalUniqueBlobs": 3,
  },
  {
    "avgBlobSize": 1250,
    "day": 2023-05-10T00:00:00.000Z,
    "totalBlobSize": 7500n,
    "totalBlobs": 6,
    "totalUniqueBlobs": 6,
  },
  {
    "avgBlobSize": 1033.333333333333,
    "day": 2023-08-03T00:00:00.000Z,
    "totalBlobSize": 6200n,
    "totalBlobs": 6,
    "totalUniqueBlobs": 2,
  },
  {
    "avgBlobSize": 1180,
    "day": 2023-08-20T00:00:00.000Z,
    "totalBlobSize": 5900n,
    "totalBlobs": 5,
    "totalUniqueBlobs": 4,
  },
]
`;

exports[`Stats Extension > Blob model > Daily stats extensions > fill > should fill in stats for a period with no data 1`] = `[]`;

exports[`Stats Extension > Blob model > Daily stats extensions > fill > shuold fill in stats for a period that doesn't have an ending date 1`] = `
[
  {
    "avgBlobSize": 1000,
    "day": 2023-08-28T00:00:00.000Z,
    "totalBlobSize": 4000n,
    "totalBlobs": 4,
    "totalUniqueBlobs": 1,
  },
  {
    "avgBlobSize": 1280,
    "day": 2023-08-31T00:00:00.000Z,
    "totalBlobSize": 6400n,
    "totalBlobs": 5,
    "totalUniqueBlobs": 3,
  },
]
`;

exports[`Stats Extension > Blob model > Transaction model > Daily stats extensions > fill > should fill in stats for a multiple days period 1`] = `
[
  {
    "avgMaxBlobGasFee": 100,
    "day": 2023-08-28T00:00:00.000Z,
    "totalTransactions": 2,
    "totalUniqueReceivers": 1,
    "totalUniqueSenders": 2,
  },
  {
    "avgMaxBlobGasFee": 100,
    "day": 2023-08-31T00:00:00.000Z,
    "totalTransactions": 3,
    "totalUniqueReceivers": 2,
    "totalUniqueSenders": 2,
  },
]
`;

exports[`Stats Extension > Blob model > Transaction model > Daily stats extensions > fill > should fill in stats for a period that doesn't have a starting date 1`] = `
[
  {
    "avgMaxBlobGasFee": 110,
    "day": 2022-10-16T00:00:00.000Z,
    "totalTransactions": 3,
    "totalUniqueReceivers": 3,
    "totalUniqueSenders": 3,
  },
  {
    "avgMaxBlobGasFee": 100,
    "day": 2023-05-10T00:00:00.000Z,
    "totalTransactions": 1,
    "totalUniqueReceivers": 1,
    "totalUniqueSenders": 1,
  },
  {
    "avgMaxBlobGasFee": 100,
    "day": 2023-08-03T00:00:00.000Z,
    "totalTransactions": 2,
    "totalUniqueReceivers": 1,
    "totalUniqueSenders": 1,
  },
  {
    "avgMaxBlobGasFee": 100,
    "day": 2023-08-20T00:00:00.000Z,
    "totalTransactions": 5,
    "totalUniqueReceivers": 3,
    "totalUniqueSenders": 4,
  },
]
`;

exports[`Stats Extension > Blob model > Transaction model > Daily stats extensions > fill > should fill in stats for a period with no data 1`] = `[]`;

exports[`Stats Extension > Blob model > Transaction model > Daily stats extensions > fill > shuold fill in stats for a period that doesn't have an ending date 1`] = `
[
  {
    "avgMaxBlobGasFee": 100,
    "day": 2023-08-28T00:00:00.000Z,
    "totalTransactions": 2,
    "totalUniqueReceivers": 1,
    "totalUniqueSenders": 2,
  },
  {
    "avgMaxBlobGasFee": 100,
    "day": 2023-08-31T00:00:00.000Z,
    "totalTransactions": 3,
    "totalUniqueReceivers": 2,
    "totalUniqueSenders": 2,
  },
]
`;

exports[`Stats Extension > Daily Stats > Blob model > Daily stats extensions > fill > should fill in stats for a multiple days period 1`] = `
[
  {
    "avgBlobSize": 1000,
    "day": 2023-08-28T00:00:00.000Z,
    "totalBlobSize": 4000n,
    "totalBlobs": 4,
    "totalUniqueBlobs": 1,
  },
  {
    "avgBlobSize": 1280,
    "day": 2023-08-31T00:00:00.000Z,
    "totalBlobSize": 6400n,
    "totalBlobs": 5,
    "totalUniqueBlobs": 3,
  },
]
`;

exports[`Stats Extension > Daily Stats > Blob model > Daily stats extensions > fill > should fill in stats for a period that doesn't have a starting date 1`] = `
[
  {
    "avgBlobSize": 1066.666666666667,
    "day": 2022-10-16T00:00:00.000Z,
    "totalBlobSize": 6400n,
    "totalBlobs": 6,
    "totalUniqueBlobs": 3,
  },
  {
    "avgBlobSize": 1250,
    "day": 2023-05-10T00:00:00.000Z,
    "totalBlobSize": 7500n,
    "totalBlobs": 6,
    "totalUniqueBlobs": 6,
  },
  {
    "avgBlobSize": 1033.333333333333,
    "day": 2023-08-03T00:00:00.000Z,
    "totalBlobSize": 6200n,
    "totalBlobs": 6,
    "totalUniqueBlobs": 2,
  },
  {
    "avgBlobSize": 1180,
    "day": 2023-08-20T00:00:00.000Z,
    "totalBlobSize": 5900n,
    "totalBlobs": 5,
    "totalUniqueBlobs": 4,
  },
]
`;

exports[`Stats Extension > Daily Stats > Blob model > Daily stats extensions > fill > should fill in stats for a period with no data 1`] = `[]`;

exports[`Stats Extension > Daily Stats > Blob model > Daily stats extensions > fill > shuold fill in stats for a period that doesn't have an ending date 1`] = `
[
  {
    "avgBlobSize": 1000,
    "day": 2023-08-28T00:00:00.000Z,
    "totalBlobSize": 4000n,
    "totalBlobs": 4,
    "totalUniqueBlobs": 1,
  },
  {
    "avgBlobSize": 1280,
    "day": 2023-08-31T00:00:00.000Z,
    "totalBlobSize": 6400n,
    "totalBlobs": 5,
    "totalUniqueBlobs": 3,
  },
]
`;

exports[`Stats Extension > Daily Stats > Blob model > fill > should fill in stats for a multiple days period 1`] = `
[
  {
    "avgBlobSize": 1000,
    "day": 2023-08-28T00:00:00.000Z,
    "totalBlobSize": 4000n,
    "totalBlobs": 4,
    "totalUniqueBlobs": 1,
  },
  {
    "avgBlobSize": 1280,
    "day": 2023-08-31T00:00:00.000Z,
    "totalBlobSize": 6400n,
    "totalBlobs": 5,
    "totalUniqueBlobs": 3,
  },
]
`;

exports[`Stats Extension > Daily Stats > Blob model > fill > should fill in stats for a period that doesn't have a starting date 1`] = `
[
  {
    "avgBlobSize": 1066.666666666667,
    "day": 2022-10-16T00:00:00.000Z,
    "totalBlobSize": 6400n,
    "totalBlobs": 6,
    "totalUniqueBlobs": 3,
  },
  {
    "avgBlobSize": 1250,
    "day": 2023-05-10T00:00:00.000Z,
    "totalBlobSize": 7500n,
    "totalBlobs": 6,
    "totalUniqueBlobs": 6,
  },
  {
    "avgBlobSize": 1033.333333333333,
    "day": 2023-08-03T00:00:00.000Z,
    "totalBlobSize": 6200n,
    "totalBlobs": 6,
    "totalUniqueBlobs": 2,
  },
  {
    "avgBlobSize": 1180,
    "day": 2023-08-20T00:00:00.000Z,
    "totalBlobSize": 5900n,
    "totalBlobs": 5,
    "totalUniqueBlobs": 4,
  },
]
`;

exports[`Stats Extension > Daily Stats > Blob model > fill > should fill in stats for a period with no data 1`] = `[]`;

exports[`Stats Extension > Daily Stats > Blob model > fill > shuold fill in stats for a period that doesn't have an ending date 1`] = `
[
  {
    "avgBlobSize": 1000,
    "day": 2023-08-28T00:00:00.000Z,
    "totalBlobSize": 4000n,
    "totalBlobs": 4,
    "totalUniqueBlobs": 1,
  },
  {
    "avgBlobSize": 1280,
    "day": 2023-08-31T00:00:00.000Z,
    "totalBlobSize": 6400n,
    "totalBlobs": 5,
    "totalUniqueBlobs": 3,
  },
]
`;

exports[`Stats Extension > Daily Stats > Block model > Daily stats extensions > fill > should fill in stats for a multiple days period 1`] = `
[
  {
    "avgBlobAsCalldataFee": 5000000,
    "avgBlobFee": 100000000,
    "avgBlobGasPrice": 20,
    "day": 2023-08-28T00:00:00.000Z,
    "totalBlobAsCalldataFee": 5000000n,
    "totalBlobAsCalldataGasUsed": 250000n,
    "totalBlobFee": 100000000n,
    "totalBlobGasUsed": 5000000n,
    "totalBlocks": 1,
  },
  {
    "avgBlobAsCalldataFee": 5610000,
    "avgBlobFee": 121000000,
    "avgBlobGasPrice": 22,
    "day": 2023-08-31T00:00:00.000Z,
    "totalBlobAsCalldataFee": 16830000n,
    "totalBlobAsCalldataGasUsed": 765000n,
    "totalBlobFee": 363000000n,
    "totalBlobGasUsed": 16500000n,
    "totalBlocks": 3,
  },
]
`;

exports[`Stats Extension > Daily Stats > Block model > Daily stats extensions > fill > should fill in stats for a period that doesn't have a starting date 1`] = `
[
  {
    "avgBlobAsCalldataFee": 44941160,
    "avgBlobFee": 17301504,
    "avgBlobGasPrice": 22,
    "day": 2022-10-16T00:00:00.000Z,
    "totalBlobAsCalldataFee": 44941160n,
    "totalBlobAsCalldataGasUsed": 2042780n,
    "totalBlobFee": 17301504n,
    "totalBlobGasUsed": 786432n,
    "totalBlocks": 1,
  },
  {
    "avgBlobAsCalldataFee": 5610000,
    "avgBlobFee": 121000000,
    "avgBlobGasPrice": 22,
    "day": 2023-05-10T00:00:00.000Z,
    "totalBlobAsCalldataFee": 5610000n,
    "totalBlobAsCalldataGasUsed": 255000n,
    "totalBlobFee": 121000000n,
    "totalBlobGasUsed": 5500000n,
    "totalBlocks": 1,
  },
  {
    "avgBlobAsCalldataFee": 5610000,
    "avgBlobFee": 121000000,
    "avgBlobGasPrice": 22,
    "day": 2023-08-03T00:00:00.000Z,
    "totalBlobAsCalldataFee": 5610000n,
    "totalBlobAsCalldataGasUsed": 255000n,
    "totalBlobFee": 121000000n,
    "totalBlobGasUsed": 5500000n,
    "totalBlocks": 1,
  },
  {
    "avgBlobAsCalldataFee": 5610000,
    "avgBlobFee": 121000000,
    "avgBlobGasPrice": 22,
    "day": 2023-08-20T00:00:00.000Z,
    "totalBlobAsCalldataFee": 5610000n,
    "totalBlobAsCalldataGasUsed": 255000n,
    "totalBlobFee": 121000000n,
    "totalBlobGasUsed": 5500000n,
    "totalBlocks": 1,
  },
]
`;

exports[`Stats Extension > Daily Stats > Block model > Daily stats extensions > fill > should fill in stats for a period with no data 1`] = `[]`;

exports[`Stats Extension > Daily Stats > Block model > Daily stats extensions > fill > shuold fill in stats for a period that doesn't have an ending date 1`] = `
[
  {
    "avgBlobAsCalldataFee": 5000000,
    "avgBlobFee": 100000000,
    "avgBlobGasPrice": 20,
    "day": 2023-08-28T00:00:00.000Z,
    "totalBlobAsCalldataFee": 5000000n,
    "totalBlobAsCalldataGasUsed": 250000n,
    "totalBlobFee": 100000000n,
    "totalBlobGasUsed": 5000000n,
    "totalBlocks": 1,
  },
  {
    "avgBlobAsCalldataFee": 5610000,
    "avgBlobFee": 121000000,
    "avgBlobGasPrice": 22,
    "day": 2023-08-31T00:00:00.000Z,
    "totalBlobAsCalldataFee": 16830000n,
    "totalBlobAsCalldataGasUsed": 765000n,
    "totalBlobFee": 363000000n,
    "totalBlobGasUsed": 16500000n,
    "totalBlocks": 3,
  },
]
`;

exports[`Stats Extension > Daily Stats > Block model > fill > should fill in stats for a multiple days period 1`] = `
[
  {
    "avgBlobAsCalldataFee": 5000000,
    "avgBlobFee": 100000000,
    "avgBlobGasPrice": 20,
    "day": 2023-08-28T00:00:00.000Z,
    "totalBlobAsCalldataFee": 5000000n,
    "totalBlobAsCalldataGasUsed": 250000n,
    "totalBlobFee": 100000000n,
    "totalBlobGasUsed": 5000000n,
    "totalBlocks": 1,
  },
  {
    "avgBlobAsCalldataFee": 5610000,
    "avgBlobFee": 121000000,
    "avgBlobGasPrice": 22,
    "day": 2023-08-31T00:00:00.000Z,
    "totalBlobAsCalldataFee": 16830000n,
    "totalBlobAsCalldataGasUsed": 765000n,
    "totalBlobFee": 363000000n,
    "totalBlobGasUsed": 16500000n,
    "totalBlocks": 3,
  },
]
`;

exports[`Stats Extension > Daily Stats > Block model > fill > should fill in stats for a period that doesn't have a starting date 1`] = `
[
  {
    "avgBlobAsCalldataFee": 44941160,
    "avgBlobFee": 17301504,
    "avgBlobGasPrice": 22,
    "day": 2022-10-16T00:00:00.000Z,
    "totalBlobAsCalldataFee": 44941160n,
    "totalBlobAsCalldataGasUsed": 2042780n,
    "totalBlobFee": 17301504n,
    "totalBlobGasUsed": 786432n,
    "totalBlocks": 1,
  },
  {
    "avgBlobAsCalldataFee": 5610000,
    "avgBlobFee": 121000000,
    "avgBlobGasPrice": 22,
    "day": 2023-05-10T00:00:00.000Z,
    "totalBlobAsCalldataFee": 5610000n,
    "totalBlobAsCalldataGasUsed": 255000n,
    "totalBlobFee": 121000000n,
    "totalBlobGasUsed": 5500000n,
    "totalBlocks": 1,
  },
  {
    "avgBlobAsCalldataFee": 5610000,
    "avgBlobFee": 121000000,
    "avgBlobGasPrice": 22,
    "day": 2023-08-03T00:00:00.000Z,
    "totalBlobAsCalldataFee": 5610000n,
    "totalBlobAsCalldataGasUsed": 255000n,
    "totalBlobFee": 121000000n,
    "totalBlobGasUsed": 5500000n,
    "totalBlocks": 1,
  },
  {
    "avgBlobAsCalldataFee": 5610000,
    "avgBlobFee": 121000000,
    "avgBlobGasPrice": 22,
    "day": 2023-08-20T00:00:00.000Z,
    "totalBlobAsCalldataFee": 5610000n,
    "totalBlobAsCalldataGasUsed": 255000n,
    "totalBlobFee": 121000000n,
    "totalBlobGasUsed": 5500000n,
    "totalBlocks": 1,
  },
]
`;

exports[`Stats Extension > Daily Stats > Block model > fill > should fill in stats for a period with no data 1`] = `[]`;

exports[`Stats Extension > Daily Stats > Block model > fill > shuold fill in stats for a period that doesn't have an ending date 1`] = `
[
  {
    "avgBlobAsCalldataFee": 5000000,
    "avgBlobFee": 100000000,
    "avgBlobGasPrice": 20,
    "day": 2023-08-28T00:00:00.000Z,
    "totalBlobAsCalldataFee": 5000000n,
    "totalBlobAsCalldataGasUsed": 250000n,
    "totalBlobFee": 100000000n,
    "totalBlobGasUsed": 5000000n,
    "totalBlocks": 1,
  },
  {
    "avgBlobAsCalldataFee": 5610000,
    "avgBlobFee": 121000000,
    "avgBlobGasPrice": 22,
    "day": 2023-08-31T00:00:00.000Z,
    "totalBlobAsCalldataFee": 16830000n,
    "totalBlobAsCalldataGasUsed": 765000n,
    "totalBlobFee": 363000000n,
    "totalBlobGasUsed": 16500000n,
    "totalBlocks": 3,
  },
]
`;

exports[`Stats Extension > Daily Stats > Transaction model > Daily stats extensions > fill > should fill in stats for a multiple days period 1`] = `
[
  {
    "avgMaxBlobGasFee": 100,
    "day": 2023-08-28T00:00:00.000Z,
    "totalTransactions": 2,
    "totalUniqueReceivers": 1,
    "totalUniqueSenders": 2,
  },
  {
    "avgMaxBlobGasFee": 100,
    "day": 2023-08-31T00:00:00.000Z,
    "totalTransactions": 3,
    "totalUniqueReceivers": 2,
    "totalUniqueSenders": 2,
  },
]
`;

exports[`Stats Extension > Daily Stats > Transaction model > Daily stats extensions > fill > should fill in stats for a period that doesn't have a starting date 1`] = `
[
  {
    "avgMaxBlobGasFee": 110,
    "day": 2022-10-16T00:00:00.000Z,
    "totalTransactions": 3,
    "totalUniqueReceivers": 3,
    "totalUniqueSenders": 3,
  },
  {
    "avgMaxBlobGasFee": 100,
    "day": 2023-05-10T00:00:00.000Z,
    "totalTransactions": 1,
    "totalUniqueReceivers": 1,
    "totalUniqueSenders": 1,
  },
  {
    "avgMaxBlobGasFee": 100,
    "day": 2023-08-03T00:00:00.000Z,
    "totalTransactions": 2,
    "totalUniqueReceivers": 1,
    "totalUniqueSenders": 1,
  },
  {
    "avgMaxBlobGasFee": 100,
    "day": 2023-08-20T00:00:00.000Z,
    "totalTransactions": 5,
    "totalUniqueReceivers": 3,
    "totalUniqueSenders": 4,
  },
]
`;

exports[`Stats Extension > Daily Stats > Transaction model > Daily stats extensions > fill > should fill in stats for a period with no data 1`] = `[]`;

exports[`Stats Extension > Daily Stats > Transaction model > Daily stats extensions > fill > shuold fill in stats for a period that doesn't have an ending date 1`] = `
[
  {
    "avgMaxBlobGasFee": 100,
    "day": 2023-08-28T00:00:00.000Z,
    "totalTransactions": 2,
    "totalUniqueReceivers": 1,
    "totalUniqueSenders": 2,
  },
  {
    "avgMaxBlobGasFee": 100,
    "day": 2023-08-31T00:00:00.000Z,
    "totalTransactions": 3,
    "totalUniqueReceivers": 2,
    "totalUniqueSenders": 2,
  },
]
`;

exports[`Stats Extension > Daily Stats > Transaction model > fill > should fill in stats for a multiple days period 1`] = `
[
  {
    "avgMaxBlobGasFee": 100,
    "day": 2023-08-28T00:00:00.000Z,
    "totalTransactions": 2,
    "totalUniqueReceivers": 1,
    "totalUniqueSenders": 2,
  },
  {
    "avgMaxBlobGasFee": 100,
    "day": 2023-08-31T00:00:00.000Z,
    "totalTransactions": 3,
    "totalUniqueReceivers": 2,
    "totalUniqueSenders": 2,
  },
]
`;

exports[`Stats Extension > Daily Stats > Transaction model > fill > should fill in stats for a period that doesn't have a starting date 1`] = `
[
  {
    "avgMaxBlobGasFee": 110,
    "day": 2022-10-16T00:00:00.000Z,
    "totalTransactions": 3,
    "totalUniqueReceivers": 3,
    "totalUniqueSenders": 3,
  },
  {
    "avgMaxBlobGasFee": 100,
    "day": 2023-05-10T00:00:00.000Z,
    "totalTransactions": 1,
    "totalUniqueReceivers": 1,
    "totalUniqueSenders": 1,
  },
  {
    "avgMaxBlobGasFee": 100,
    "day": 2023-08-03T00:00:00.000Z,
    "totalTransactions": 2,
    "totalUniqueReceivers": 1,
    "totalUniqueSenders": 1,
  },
  {
    "avgMaxBlobGasFee": 100,
    "day": 2023-08-20T00:00:00.000Z,
    "totalTransactions": 5,
    "totalUniqueReceivers": 3,
    "totalUniqueSenders": 4,
  },
]
`;

exports[`Stats Extension > Daily Stats > Transaction model > fill > should fill in stats for a period with no data 1`] = `[]`;

exports[`Stats Extension > Daily Stats > Transaction model > fill > shuold fill in stats for a period that doesn't have an ending date 1`] = `
[
  {
    "avgMaxBlobGasFee": 100,
    "day": 2023-08-28T00:00:00.000Z,
    "totalTransactions": 2,
    "totalUniqueReceivers": 1,
    "totalUniqueSenders": 2,
  },
  {
    "avgMaxBlobGasFee": 100,
    "day": 2023-08-31T00:00:00.000Z,
    "totalTransactions": 3,
    "totalUniqueReceivers": 2,
    "totalUniqueSenders": 2,
  },
]
`;

exports[`Stats Extension > Daily Stats > fill > should fill in stats for a multiple days period 1`] = `
[
  {
    "avgBlobAsCalldataFee": 5000000,
    "avgBlobFee": 100000000,
    "avgBlobGasPrice": 20,
    "day": 2023-08-28T00:00:00.000Z,
    "totalBlobAsCalldataFee": 5000000n,
    "totalBlobAsCalldataGasUsed": 250000n,
    "totalBlobFee": 100000000n,
    "totalBlobGasUsed": 5000000n,
    "totalBlocks": 1,
  },
  {
    "avgBlobAsCalldataFee": 5610000,
    "avgBlobFee": 121000000,
    "avgBlobGasPrice": 22,
    "day": 2023-08-31T00:00:00.000Z,
    "totalBlobAsCalldataFee": 16830000n,
    "totalBlobAsCalldataGasUsed": 765000n,
    "totalBlobFee": 363000000n,
    "totalBlobGasUsed": 16500000n,
    "totalBlocks": 3,
  },
]
`;

exports[`Stats Extension > Daily Stats > fill > should fill in stats for a period that doesn't have a starting date 1`] = `
[
  {
    "avgBlobAsCalldataFee": 44941160,
    "avgBlobFee": 17301504,
    "avgBlobGasPrice": 22,
    "day": 2022-10-16T00:00:00.000Z,
    "totalBlobAsCalldataFee": 44941160n,
    "totalBlobAsCalldataGasUsed": 2042780n,
    "totalBlobFee": 17301504n,
    "totalBlobGasUsed": 786432n,
    "totalBlocks": 1,
  },
  {
    "avgBlobAsCalldataFee": 5610000,
    "avgBlobFee": 121000000,
    "avgBlobGasPrice": 22,
    "day": 2023-05-10T00:00:00.000Z,
    "totalBlobAsCalldataFee": 5610000n,
    "totalBlobAsCalldataGasUsed": 255000n,
    "totalBlobFee": 121000000n,
    "totalBlobGasUsed": 5500000n,
    "totalBlocks": 1,
  },
  {
    "avgBlobAsCalldataFee": 5610000,
    "avgBlobFee": 121000000,
    "avgBlobGasPrice": 22,
    "day": 2023-08-03T00:00:00.000Z,
    "totalBlobAsCalldataFee": 5610000n,
    "totalBlobAsCalldataGasUsed": 255000n,
    "totalBlobFee": 121000000n,
    "totalBlobGasUsed": 5500000n,
    "totalBlocks": 1,
  },
  {
    "avgBlobAsCalldataFee": 5610000,
    "avgBlobFee": 121000000,
    "avgBlobGasPrice": 22,
    "day": 2023-08-20T00:00:00.000Z,
    "totalBlobAsCalldataFee": 5610000n,
    "totalBlobAsCalldataGasUsed": 255000n,
    "totalBlobFee": 121000000n,
    "totalBlobGasUsed": 5500000n,
    "totalBlocks": 1,
  },
]
`;

exports[`Stats Extension > Daily Stats > fill > should fill in stats for a period with no data 1`] = `[]`;

exports[`Stats Extension > Daily Stats > fill > shuold fill in stats for a period that doesn't have an ending date 1`] = `
[
  {
    "avgBlobAsCalldataFee": 5000000,
    "avgBlobFee": 100000000,
    "avgBlobGasPrice": 20,
    "day": 2023-08-28T00:00:00.000Z,
    "totalBlobAsCalldataFee": 5000000n,
    "totalBlobAsCalldataGasUsed": 250000n,
    "totalBlobFee": 100000000n,
    "totalBlobGasUsed": 5000000n,
    "totalBlocks": 1,
  },
  {
    "avgBlobAsCalldataFee": 5610000,
    "avgBlobFee": 121000000,
    "avgBlobGasPrice": 22,
    "day": 2023-08-31T00:00:00.000Z,
    "totalBlobAsCalldataFee": 16830000n,
    "totalBlobAsCalldataGasUsed": 765000n,
    "totalBlobFee": 363000000n,
    "totalBlobGasUsed": 16500000n,
    "totalBlocks": 3,
  },
]
`;
