// Vitest Snapshot v1, https://vitest.dev/guide/snapshot.html

exports[`Blockchain sync state route > getBlockchainSyncState > should get blockchain sync state 1`] = `
{
  "id": 1,
  "lastFinalizedBlock": 1004,
  "lastLowerSyncedSlot": 106,
  "lastUpperSyncedSlot": 107,
}
`;

exports[`Blockchain sync state route > getSyncState > should get sync state 1`] = `
{
  "id": 1,
  "lastFinalizedBlock": 1004,
  "lastLowerSyncedSlot": 106,
  "lastUpperSyncedSlot": 107,
}
`;

exports[`Sync state route > getState > should get sync state 1`] = `
{
  "lastFinalizedBlock": 1004,
  "lastSlot": 106,
}
`;
