// Vitest Snapshot v1, https://vitest.dev/guide/snapshot.html

exports[`Base Extension > Address Category Info model > upsertMany() > update multiple addresses correctly 1`] = `
[
  {
    "address": "address2",
    "category": "OTHER",
    "firstBlockNumberAsReceiver": 1001,
    "firstBlockNumberAsSender": 1003,
  },
  {
    "address": "address5",
    "category": "OTHER",
    "firstBlockNumberAsReceiver": 1001,
    "firstBlockNumberAsSender": 1001,
  },
  {
    "address": "address6",
    "category": "OTHER",
    "firstBlockNumberAsReceiver": 1001,
    "firstBlockNumberAsSender": 1001,
  },
]
`;
