// Vitest Snapshot v1, https://vitest.dev/guide/snapshot.html

exports[`Helpers Extension > Block model > findLatest() > should find the latest block correctly 1`] = `
{
  "blobAsCalldataGasUsed": "255000",
  "blobGasPrice": "22",
  "blobGasUsed": "5500000",
  "excessBlobGas": "15000",
  "hash": "0x8000000000000000000000000000000000000000000000000000000000000000",
  "insertedAt": 2023-08-31T16:10:00.000Z,
  "number": 1008,
  "slot": 108,
  "timestamp": 2023-08-31T16:00:00.000Z,
  "updatedAt": 2023-08-31T16:10:00.000Z,
}
`;
