// Vitest Snapshot v1, https://vitest.dev/guide/snapshot.html

exports[`SwarmStampSyncer > should fail when trying to fetch a non-existing batch 1`] = `"Failed to fetch stamp batch \\"6b538866048cfb6e9e1d06805374c51572c11219d2d550c03e6e277366cb0371\\""`;

exports[`SwarmStampSyncer > should fail when trying to fetch a non-existing batch 2`] = `[SwarmNodeError: issuer does not exist]`;

exports[`SwarmStampSyncer > should fail when trying to fetch an invalid batch 1`] = `"Failed to fetch stamp batch \\"invalid-batch\\""`;

exports[`SwarmStampSyncer > should fail when trying to fetch an invalid batch 2`] = `[SwarmNodeError: invalid path params]`;
