// Vitest Snapshot v1, https://vitest.dev/guide/snapshot.html

exports[`getByBlobId > should fail when trying to get a blob by a non-existent hash 1`] = `[TRPCError: No blob with versioned hash or kzg commitment 'nonExistingHash'.]`;

exports[`getByBlobId > should get a blob by kzg commitment 1`] = `
{
  "commitment": "commitment004",
  "dataStorageReferences": [
    {
      "storage": "google",
      "url": "http://localhost:4443/storage/v1/b/blobscan-test-bucket/o/1%2Fob%2FHa%2Fsh%2FobHash004.bin?alt=media",
    },
    {
      "storage": "postgres",
      "url": "http://localhost:3001/blobs/blobHash004/data",
    },
  ],
  "proof": "proof004",
  "size": 1300,
  "transactions": [
    {
      "blockHash": "0x7000000000000000000000000000000000000000000000000000000000000000",
      "blockNumber": 1007,
      "blockTimestamp": 2023-08-31T14:00:00.000Z,
      "ethUsdPrice": undefined,
      "index": 0,
      "txHash": "txHash015",
      "txIndex": 0,
    },
    {
      "blockHash": "0x7000000000000000000000000000000000000000000000000000000000000000",
      "blockNumber": 1007,
      "blockTimestamp": 2023-08-31T14:00:00.000Z,
      "ethUsdPrice": undefined,
      "index": 1,
      "txHash": "txHash015",
      "txIndex": 0,
    },
    {
      "blockHash": "0x7000000000000000000000000000000000000000000000000000000000000000",
      "blockNumber": 1007,
      "blockTimestamp": 2023-08-31T14:00:00.000Z,
      "ethUsdPrice": undefined,
      "index": 2,
      "txHash": "txHash015",
      "txIndex": 0,
    },
  ],
  "usageSize": 1300,
  "versionedHash": "blobHash004",
}
`;

exports[`getByBlobId > should get a blob by versioned hash 1`] = `
{
  "commitment": "commitment004",
  "dataStorageReferences": [
    {
      "storage": "google",
      "url": "http://localhost:4443/storage/v1/b/blobscan-test-bucket/o/1%2Fob%2FHa%2Fsh%2FobHash004.bin?alt=media",
    },
    {
      "storage": "postgres",
      "url": "http://localhost:3001/blobs/blobHash004/data",
    },
  ],
  "proof": "proof004",
  "size": 1300,
  "transactions": [
    {
      "blockHash": "0x7000000000000000000000000000000000000000000000000000000000000000",
      "blockNumber": 1007,
      "blockTimestamp": 2023-08-31T14:00:00.000Z,
      "ethUsdPrice": undefined,
      "index": 0,
      "txHash": "txHash015",
      "txIndex": 0,
    },
    {
      "blockHash": "0x7000000000000000000000000000000000000000000000000000000000000000",
      "blockNumber": 1007,
      "blockTimestamp": 2023-08-31T14:00:00.000Z,
      "ethUsdPrice": undefined,
      "index": 1,
      "txHash": "txHash015",
      "txIndex": 0,
    },
    {
      "blockHash": "0x7000000000000000000000000000000000000000000000000000000000000000",
      "blockNumber": 1007,
      "blockTimestamp": 2023-08-31T14:00:00.000Z,
      "ethUsdPrice": undefined,
      "index": 2,
      "txHash": "txHash015",
      "txIndex": 0,
    },
  ],
  "usageSize": 1300,
  "versionedHash": "blobHash004",
}
`;
