// Vitest Snapshot v1, https://vitest.dev/guide/snapshot.html

exports[`SwarmStorage > healthcheck > should throw error if bee debug is not healthy 1`] = `"SwarmStorageMock failed: Storage is not reachable"`;

exports[`SwarmStorage > healthcheck > should throw error if bee debug is not healthy 2`] = `[Error: Bee debug is not healthy: not ok]`;

exports[`SwarmStorage > healthcheck > should throw error if bee is not healthy 1`] = `"SwarmStorageMock failed: Storage is not reachable"`;

exports[`SwarmStorage > healthcheck > should throw error if bee is not healthy 2`] = `[Error: Bee is not healthy: not ok]`;

exports[`SwarmStorage > storeBlob > should throw an error if no postage batches are available 1`] = `"SwarmStorageMock failed: Failed to store blob with hash \\"0x0100eac880c712dba4346c88ab564fa1b79024106f78f732cca49d8a68e4c174\\""`;

exports[`SwarmStorage > storeBlob > should throw an error if no postage batches are available 2`] = `[Error: No postage batches available.]`;

exports[`SwarmStorage > storeBlob > should throw an error if the bee debug endpoint is not available 1`] = `"SwarmStorageMock failed: Failed to store blob with hash \\"0x0100eac880c712dba4346c88ab564fa1b79024106f78f732cca49d8a68e4c174\\""`;

exports[`SwarmStorage > storeBlob > should throw an error if the bee debug endpoint is not available 2`] = `[Error: Bee debug endpoint required to get postage batches.]`;

exports[`SwarmStorage > tryGetConfigFromEnv > should throw an error when a bee endpoint is not provided 1`] = `"SwarmStorageMock failed: No endpoint provided. You need to define BEE_ENDPOINT variable in order to use the Swarm storage"`;
